======================== 2 failed, 30 passed in 11.89s ========================
